// Jest Snapshot v1, https://goo.gl/fbAQLP

exports[`Nav Snap the Nav 1`] = `
<header>
  <i
    aria-label="burger menu button"
    className="menuButton fa-solid fa-bars "
    onClick={[Function]}
    onKeyDown={[Function]}
    role="button"
    tabIndex="0"
  />
  <nav
    className="display-none"
  >
    <a
      aria-current="page"
      className="logo active"
      href="/"
      onClick={[Function]}
    >
      QuickMaths
    </a>
    <a
      className=""
      href="/user/login"
      onClick={[Function]}
    >
      <button
        className="login-button"
        type="button"
      >
        Log in
      </button>
    </a>
    <div
      className="logout-sm"
    >
      <ul
        className="socialLinks"
      >
        <li>
          <a
            aria-label="facebook page"
            href="https://facebook.com"
            onClick={[Function]}
            rel="noreferrer"
            target="_blank"
          >
            <i
              className="fa-brands fa-facebook-f"
            />
          </a>
        </li>
        <li>
          <a
            aria-label="twitter page"
            href="https://twitter.com"
            onClick={[Function]}
            rel="noreferrer"
            target="_blank"
          >
            <i
              className="fa-brands fa-twitter"
            />
          </a>
        </li>
        <li>
          <a
            aria-label="instagram page"
            href="https://instagram.com"
            onClick={[Function]}
            rel="noreferrer"
            target="_blank"
          >
            <i
              className="fa-brands fa-instagram"
            />
          </a>
        </li>
      </ul>
    </div>
    <div
      className="navRights"
    >
      All rights reserved
    </div>
  </nav>
</header>
`;
